2.4.1 :001 > station = DockingStation.new
NameError: uninitialized constant DockingStation
	from (irb):1
	from /Users/danieljones/.rvm/rubies/ruby-2.4.1/bin/irb:11:in `<main>'
2.4.1 :002 >

Type of error: NameError
File path: /Users/danieljones/.rvm/rubies/ruby-2.4.1/bin/irb:11:
Line number: 11
Error meaning: The code refers to a class or module that it can't find. DockingStation in this case.
Solve error: Create an object called DockingStation.